// Jest Snapshot v1, https://goo.gl/fbAQLP

exports[`Details renders if optional and required params are passed in 1`] = `
<div
  class="sc-bczRLJ eVwvdg"
  data-testid="Details"
>
  <div
    class="sc-gsnTZi jqxNpn"
  >
    test label
  </div>
  <div>
    <p
      class="sc-dkzDqf dVromW"
    >
      1
    </p>
    <p
      class="sc-dkzDqf dVromW"
    >
      2
    </p>
  </div>
</div>
`;
