// Jest Snapshot v1, https://goo.gl/fbAQLP

exports[`SkillsModal renders if required and optional params are passed in 1`] = `
.c0 {
  width: 100%;
  height: 100%;
  display: -webkit-box;
  display: -webkit-flex;
  display: -ms-flexbox;
  display: flex;
  -webkit-flex-wrap: wrap;
  -ms-flex-wrap: wrap;
  flex-wrap: wrap;
  text-align: left;
  -webkit-box-pack: left;
  -webkit-justify-content: left;
  -ms-flex-pack: left;
  justify-content: left;
  padding: 30px 0px;
  height: -webkit-fit-content;
  height: -moz-fit-content;
  height: fit-content;
}

.c1 {
  width: 100%;
}

.c3 {
  background: blue;
  background: #e56b6f;
  display: none;
}

.c4 {
  height: 90px;
  width: 90px;
  border-radius: 50%;
  display: -webkit-box;
  display: -webkit-flex;
  display: -ms-flexbox;
  display: flex;
  -webkit-align-items: center;
  -webkit-box-align: center;
  -ms-flex-align: center;
  align-items: center;
  -webkit-box-pack: center;
  -webkit-justify-content: center;
  -ms-flex-pack: center;
  justify-content: center;
  background: #E7777A;
}

.c5 {
  height: 25px;
}

.c6 {
  color: white;
  font-family: Gilroy-Regular;
  font-size: 18px;
  weight: 600;
  padding-top: 15px;
  padding-bottom: 30px;
  max-width: 176px;
  text-align: center;
}

.c7 {
  background: white;
  color: #e56b6f;
  font-family: Gilroy-Medium;
  font-size: 10px;
  padding: 20px;
  max-width: 176px;
}

.c2 {
  font-family: Gilroy-Bold;
  font-size: 22px;
  padding: 20px 30px 15px 50px;
}

@media (min-width:1024px) {
  .c0 {
    -webkit-box-pack: center;
    -webkit-justify-content: center;
    -ms-flex-pack: center;
    justify-content: center;
    -webkit-align-items: center;
    -webkit-box-align: center;
    -ms-flex-align: center;
    align-items: center;
    overflow-y: hidden;
    padding-top: 0px;
  }
}

@media (min-width:720px) {
  .c1 {
    width: 50%;
  }
}

@media (min-width:1024px) {
  .c1 {
    width: calc(33.3% - 0.5px);
    height: 286px;
    border-bottom: solid 1px #c6c6c6;
    border-right: solid 1px #c6c6c6;
    overflow-y: scroll;
  }

  .c1:nth-child(4),
  .c1:nth-child(5),
  .c1:nth-child(6) {
    border-bottom: none;
  }

  .c1:nth-child(3),
  .c1:nth-child(6) {
    border-right: none;
  }
}

@media (min-width:1024px) {
  .c3 {
    display: -webkit-box;
    display: -webkit-flex;
    display: -ms-flexbox;
    display: flex;
    -webkit-flex-direction: column;
    -ms-flex-direction: column;
    flex-direction: column;
    -webkit-align-items: center;
    -webkit-box-align: center;
    -ms-flex-align: center;
    align-items: center;
    -webkit-box-pack: center;
    -webkit-justify-content: center;
    -ms-flex-pack: center;
    justify-content: center;
  }
}

@media (min-width:720px) {

}

@media (min-width:1024px) {
  .c2 {
    padding: 23px 30px 15px 50px;
  }
}

<div
  class="c0"
  data-testid="SkillsModal"
>
  <div
    class="c1"
    data-testid="Section"
  >
    <div
      class="c2"
      data-testid="Subheader"
    >
      Frontend
    </div>
    <div>
      <div />
      <div />
    </div>
  </div>
  <div
    class="c1"
    data-testid="Section"
  >
    <div
      class="c2"
      data-testid="Subheader"
    >
      Backend
    </div>
    <div>
      <div />
    </div>
  </div>
  <div
    class="c1 c3"
    data-testid="CallToAction"
  >
    <div
      class="c4"
    >
      <img
        alt="rocket"
        class="c5"
        src="rocket.svg"
      />
    </div>
    <div
      class="c6"
    >
      There's more where that came from.
    </div>
    <div
      class="c7"
      data-testid="ActionButton"
    >
      DOWNLOAD MY RESUME
    </div>
  </div>
</div>
`;
