// Jest Snapshot v1, https://goo.gl/fbAQLP

exports[`Testimonials renders if only required params are passed in 1`] = `
<div
  class="sc-bczRLJ gMOOza"
  data-testid="Testimonials"
>
  <img
    alt="arrow left"
    class="sc-ftvSup bIKhme"
    data-testid="arrow left"
    src="arrow-left-pink.svg"
  />
  <div
    class="sc-gsnTZi bUnqpQ"
  >
    <h2>
      Testimonials
    </h2>
    <p
      class="sc-dkzDqf fysNox"
      data-testid="Quote"
    >
      this is a test quote
    </p>
    <div
      class="sc-hKMtZM juqmlw"
      data-testid="Person"
    >
      Jane Doe
    </div>
    <div
      class="sc-eCYdqJ hEJBqo"
      data-testid="Title"
    >
      Manager at Slalom Conuslting LLC
    </div>
    <div
      class="sc-jSMfEi iOloSv"
      data-testid="Dots"
    >
      <div
        class="sc-gKXOVf ehpXSY"
      />
      <div
        class="sc-gKXOVf bjLeFz"
      />
    </div>
  </div>
  <img
    alt="arrow right"
    class="sc-papXJ QsnDr"
    data-testid="arrow right"
    src="arrow-right-pink.svg"
  />
  <div
    class="sc-iBkjds hsMbSL"
  >
    <div
      class="sc-kDDrLX hksPpZ"
    >
      <div
        class="sc-jqUVSM gjlCYy"
      />
      <img
        alt="arrow left"
        class="sc-ftvSup hdhNBy"
        data-testid="arrow left"
        src="arrow-left-pink.svg"
      />
    </div>
    <div
      class="sc-kDDrLX hksPpZ"
    >
      <div
        class="sc-jqUVSM gjlCYy"
      />
      <img
        alt="arrow right"
        class="sc-papXJ bnbZLX"
        data-testid="arrow right"
        src="arrow-right-pink.svg"
      />
    </div>
  </div>
</div>
`;
